▲ Next.js 16.2.6 (Turbopack)
- Environments: .env

  Creating an optimized production build ...
✓ Compiled successfully in 3.4s
  Running TypeScript ...
  Finished TypeScript in 3.2s ...
  Collecting page data using 5 workers ...
  Generating static pages using 5 workers (0/4) ...
  Generating static pages using 5 workers (1/4) 
  Generating static pages using 5 workers (2/4) 
  Generating static pages using 5 workers (3/4) 
✓ Generating static pages using 5 workers (4/4) in 866ms
  Finalizing page optimization ...


Redirects
┌ source: /:path+/
├ destination: /:path+
└ permanent: true


Route (app)      Revalidate  Expire
┌ ○ /                    6h      1y
└ ○ /_not-found


○  (Static)  prerendered as static content

